../Core/Src/ili9341.c:31:13:LCD_CS_Low	8	static
../Core/Src/ili9341.c:40:13:LCD_CS_High	8	static
../Core/Src/ili9341.c:49:13:LCD_DC_Command	8	static
../Core/Src/ili9341.c:58:13:LCD_DC_Data	8	static
../Core/Src/ili9341.c:71:6:ILI9341_WriteCommand	16	static
../Core/Src/ili9341.c:91:6:ILI9341_WriteData	16	static
../Core/Src/ili9341.c:111:6:ILI9341_WriteData16	24	static
../Core/Src/ili9341.c:139:6:ILI9341_SetAddressWindow	24	static
../Core/Src/ili9341.c:194:6:ILI9341_FillScreen	24	static
../Core/Src/ili9341.c:219:19:ILI9341_StartDMATransmit	24	static
../Core/Src/ili9341.c:265:6:ILI9341_DMA_End	8	static
../Core/Src/ili9341.c:274:6:ILI9341_Init	24	static
../Core/Src/ili9341.c:431:6:ILI9341_DrawPixel	16	static
../Core/Src/ili9341.c:460:6:ILI9341_FillRectangle	32	static
../Core/Src/ili9341.c:527:6:ILI9341_DrawImage	32	static
../Core/Src/ili9341.c:579:6:ILI9341_DrawLine	40	static
../Core/Src/ili9341.c:638:6:ILI9341_FillCircle	48	static
../Core/Src/ili9341.c:722:6:ILI9341_DrawRectangle	32	static
