C:/Users/Mehrdad Babatabar/Documents/cube-projects/STM32F407-LVGL/Drivers/lvgl/src/hal/../draw/../misc/lv_color.h:599:26:lv_color_hex	24	static
C:/Users/Mehrdad Babatabar/Documents/cube-projects/STM32F407-LVGL/Drivers/lvgl/src/core/lv_disp.h:182:26:lv_scr_act	8	static
../Core/Src/main.c:90:5:main	32	static
../Core/Src/main.c:360:6:SystemClock_Config	88	static
../Core/Src/main.c:473:13:MX_SPI1_Init	8	static
../Core/Src/main.c:573:13:MX_GPIO_Init	40	static
../Core/Src/main.c:667:6:Error_Handler	4	static,ignoring_inline_asm
